
> @esportsplus/template@0.16.14 test G:\template
> vitest run


[1m[46m RUN [49m[22m [36mv4.0.18 [39m[90mG:/template[39m

 [32mΓ£ô[39m tests/html.ts [2m([22m[2m6 tests[22m[2m)[22m[32m 4[2mms[22m[39m
 [32mΓ£ô[39m tests/constants.ts [2m([22m[2m28 tests[22m[2m)[22m[32m 6[2mms[22m[39m
 [32mΓ£ô[39m tests/slot/cleanup.ts [2m([22m[2m15 tests[22m[2m)[22m[32m 14[2mms[22m[39m
 [32mΓ£ô[39m tests/utilities.ts [2m([22m[2m27 tests[22m[2m)[22m[32m 24[2mms[22m[39m
 [32mΓ£ô[39m tests/event/ontick.ts [2m([22m[2m12 tests[22m[2m)[22m[32m 8[2mms[22m[39m
 [32mΓ£ô[39m tests/event/onresize.ts [2m([22m[2m8 tests[22m[2m)[22m[32m 9[2mms[22m[39m
 [32mΓ£ô[39m tests/event/onconnect.ts [2m([22m[2m6 tests[22m[2m)[22m[32m 6[2mms[22m[39m
 [32mΓ£ô[39m tests/svg.ts [2m([22m[2m12 tests[22m[2m)[22m[32m 8[2mms[22m[39m
 [32mΓ£ô[39m tests/slot/render.ts [2m([22m[2m24 tests[22m[2m)[22m[32m 13[2mms[22m[39m
 [32mΓ£ô[39m tests/slot/index.ts [2m([22m[2m16 tests[22m[2m)[22m[32m 19[2mms[22m[39m
 [32mΓ£ô[39m tests/slot/effect.ts [2m([22m[2m28 tests[22m[2m)[22m[32m 21[2mms[22m[39m
 [32mΓ£ô[39m tests/event/index.ts [2m([22m[2m26 tests[22m[2m)[22m[32m 19[2mms[22m[39m
 [32mΓ£ô[39m tests/render.ts [2m([22m[2m16 tests[22m[2m)[22m[32m 23[2mms[22m[39m
 [32mΓ£ô[39m tests/attributes.ts [2m([22m[2m38 tests[22m[2m)[22m[32m 29[2mms[22m[39m
 [32mΓ£ô[39m tests/compiler/integration.ts [2m([22m[2m8 tests[22m[2m)[22m[32m 15[2mms[22m[39m
 [32mΓ£ô[39m tests/compiler/codegen.ts [2m([22m[2m29 tests[22m[2m)[22m[32m 21[2mms[22m[39m
 [32mΓ£ô[39m tests/compiler/ts-analyzer.ts [2m([22m[2m36 tests[22m[2m)[22m[32m 15[2mms[22m[39m
 [32mΓ£ô[39m tests/compiler/ts-parser.ts [2m([22m[2m12 tests[22m[2m)[22m[32m 12[2mms[22m[39m
 [32mΓ£ô[39m tests/compiler/parser.ts [2m([22m[2m51 tests[22m[2m)[22m[32m 6[2mms[22m[39m
 [32mΓ£ô[39m tests/slot/array.ts [2m([22m[2m31 tests[22m[2m)[22m[33m 680[2mms[22m[39m

[2m Test Files [22m [1m[32m20 passed[39m[22m[90m (20)[39m
[2m      Tests [22m [1m[32m429 passed[39m[22m[90m (429)[39m
[2m   Start at [22m 00:51:00
[2m   Duration [22m 2.30s[2m (transform 1.69s, setup 0ms, import 4.15s, tests 953ms, environment 24.37s)[22m

